// Jest Snapshot v1, https://goo.gl/fbAQLP

exports[`StockList render component 1`] = `<div />`;
